# sub dalicon(dalicon_input,T,/home/sness/DaliLite.v5/bin/serialcompare,../DAT/,../DAT/,0)
# /home/sness/DaliLite.v5/bin/serialcompare ../DAT/ ../DAT/ DALICON T < dalicon_input > /dev/null
# cat fort.1[0-9][0-9] > dp_input ; rm fort.* ; /home/sness/DaliLite.v5/bin/serialcompare ../DAT/ ../DAT/ DP < dp_input > /dev/null
# cd1=5cnbA zself=31.6 zcutoff=5.62138772902208
Initial 5cnbA zcutoff is 5.62138772902208
# dat2fasta: ../DAT/ 0 inputs
# run_BLAST blastp -db pdb.blast -num_threads 32 -outfmt '6 qseqid sseqid pident length qlen slen bitscore evalue' -max_target_seqs 2000 -evalue 0.01 
BLAST job failed
sh: 1: blastp: not found

# run_BLAST returned 0:

# got -1 hits from query-BLAST
# sub wolf(WOLF,/home/sness/DaliLite.v5/bin/serialcompare,../DAT/,../DAT/,0)
wolf: /home/sness/DaliLite.v5/bin/serialcompare ../DAT/ ../DAT/ WOLF > /dev/null ; cat fort.1[0-9][0-9] > wolf_output ; rm fort.1[0-9][0-9] ; /home/sness/DaliLite.v5/bin/serialcompare ../DAT/ ../DAT/ DP < wolf_output > /dev/null ; cat fort.1[0-9][0-9] | perl /home/sness/DaliLite.v5/bin/dccp2dalicon.pl > dalicon_input ; rm -f fort.1[0-9][0-9] 
# sub dalicon(dalicon_input,T,/home/sness/DaliLite.v5/bin/serialcompare,../DAT/,../DAT/,0)
# /home/sness/DaliLite.v5/bin/serialcompare ../DAT/ ../DAT/ DALICON T < dalicon_input > /dev/null
# cat fort.1[0-9][0-9] > dp_input ; rm fort.* ; /home/sness/DaliLite.v5/bin/serialcompare ../DAT/ ../DAT/ DP < dp_input > /dev/null
# 13 PDB25 hits above zcutoff=5.62138772902208
# This is walk(5cnbA,5cnbA.dccp,5.62138772902208,../DAT/,../DAT/,/home/sness/DaliLite.v5/bin/serialcompare,10000,10000,HASH(0x5585f24818d0),100)
curl --form cd1=102mA --form zcutoff=5.62138772902208 http://ekhidna2.biocenter.helsinki.fi/cgi-bin/sans/FSSP.cgi
  % Total    % Received % Xferd  Average Speed   Time    Time     Time  Current
                                 Dload  Upload   Total   Spent    Left  Speed
  0     0    0     0    0     0      0      0 --:--:-- --:--:-- --:--:--     0  0     0    0     0    0     0      0      0 --:--:-- --:--:-- --:--:--     0  0     0    0     0    0     0      0      0 --:--:--  0:00:01 --:--:--     0  0     0    0     0    0     0      0      0 --:--:--  0:00:02 --:--:--     0  0     0    0     0    0     0      0      0 --:--:--  0:00:03 --:--:--     0  0     0    0     0    0     0      0      0 --:--:--  0:00:04 --:--:--     0  0     0    0     0    0     0      0      0 --:--:--  0:00:05 --:--:--     0  0     0    0     0    0     0      0      0 --:--:--  0:00:06 --:--:--     0  0     0    0     0    0     0      0      0 --:--:--  0:00:07 --:--:--     0  0     0    0     0    0     0      0      0 --:--:--  0:00:08 --:--:--     0  0     0    0     0    0     0      0      0 --:--:--  0:00:09 --:--:--     0  0     0    0     0    0     0      0      0 --:--:--  0:00:10 --:--:--     0  0     0    0     0    0     0      0      0 --:--:--  0:00:11 --:--:--     0  0     0    0     0    0     0      0      0 --:--:--  0:00:12 --:--:--     0  0     0    0     0    0     0      0      0 --:--:--  0:00:13 --:--:--     0  0     0    0     0    0     0      0      0 --:--:--  0:00:14 --:--:--     0100   596    0   341  100   255     22     16  0:00:15  0:00:15 --:--:--   127
curl --form cd1=105mA --form zcutoff=5.62138772902208 http://ekhidna2.biocenter.helsinki.fi/cgi-bin/sans/FSSP.cgi
  % Total    % Received % Xferd  Average Speed   Time    Time     Time  Current
                                 Dload  Upload   Total   Spent    Left  Speed
  0     0    0     0    0     0      0      0 --:--:-- --:--:-- --:--:--     0  0     0    0     0    0     0      0      0 --:--:-- --:--:-- --:--:--     0  0     0    0     0    0     0      0      0 --:--:--  0:00:01 --:--:--     0  0     0    0     0    0     0      0      0 --:--:--  0:00:02 --:--:--     0  0     0    0     0    0     0      0      0 --:--:--  0:00:03 --:--:--     0  0     0    0     0    0     0      0      0 --:--:--  0:00:04 --:--:--     0  0     0    0     0    0     0      0      0 --:--:--  0:00:05 --:--:--     0  0     0    0     0    0     0      0      0 --:--:--  0:00:06 --:--:--     0  0     0    0     0    0     0      0      0 --:--:--  0:00:07 --:--:--     0  0     0    0     0    0     0      0      0 --:--:--  0:00:08 --:--:--     0  0     0    0     0    0     0      0      0 --:--:--  0:00:09 --:--:--     0  0     0    0     0    0     0      0      0 --:--:--  0:00:10 --:--:--     0  0     0    0     0    0     0      0      0 --:--:--  0:00:11 --:--:--     0  0     0    0     0    0     0      0      0 --:--:--  0:00:12 --:--:--     0  0     0    0     0    0     0      0      0 --:--:--  0:00:13 --:--:--     0  0     0    0     0    0     0      0      0 --:--:--  0:00:14 --:--:--     0100   255    0     0  100   255      0     16  0:00:15  0:00:15 --:--:--    53100   598    0   343  100   255     22     16  0:00:15  0:00:15 --:--:--   148
curl --form cd1=106mA --form zcutoff=5.62138772902208 http://ekhidna2.biocenter.helsinki.fi/cgi-bin/sans/FSSP.cgi
  % Total    % Received % Xferd  Average Speed   Time    Time     Time  Current
                                 Dload  Upload   Total   Spent    Left  Speed
  0     0    0     0    0     0      0      0 --:--:-- --:--:-- --:--:--     0  0     0    0     0    0     0      0      0 --:--:-- --:--:-- --:--:--     0  0     0    0     0    0     0      0      0 --:--:--  0:00:01 --:--:--     0  0     0    0     0    0     0      0      0 --:--:--  0:00:02 --:--:--     0  0     0    0     0    0     0      0      0 --:--:--  0:00:03 --:--:--     0  0     0    0     0    0     0      0      0 --:--:--  0:00:04 --:--:--     0  0     0    0     0    0     0      0      0 --:--:--  0:00:05 --:--:--     0  0     0    0     0    0     0      0      0 --:--:--  0:00:06 --:--:--     0  0     0    0     0    0     0      0      0 --:--:--  0:00:07 --:--:--     0  0     0    0     0    0     0      0      0 --:--:--  0:00:08 --:--:--     0  0     0    0     0    0     0      0      0 --:--:--  0:00:09 --:--:--     0  0     0    0     0    0     0      0      0 --:--:--  0:00:10 --:--:--     0  0     0    0     0    0     0      0      0 --:--:--  0:00:11 --:--:--     0  0     0    0     0    0     0      0      0 --:--:--  0:00:12 --:--:--     0  0     0    0     0    0     0      0      0 --:--:--  0:00:13 --:--:--     0  0     0    0     0    0     0      0      0 --:--:--  0:00:14 --:--:--     0100   597    0   342  100   255     22     16  0:00:15  0:00:15 --:--:--   126
curl --form cd1=1binA --form zcutoff=5.62138772902208 http://ekhidna2.biocenter.helsinki.fi/cgi-bin/sans/FSSP.cgi
  % Total    % Received % Xferd  Average Speed   Time    Time     Time  Current
                                 Dload  Upload   Total   Spent    Left  Speed
  0     0    0     0    0     0      0      0 --:--:-- --:--:-- --:--:--     0  0     0    0     0    0     0      0      0 --:--:-- --:--:-- --:--:--     0  0     0    0     0    0     0      0      0 --:--:--  0:00:01 --:--:--     0  0     0    0     0    0     0      0      0 --:--:--  0:00:02 --:--:--     0  0     0    0     0    0     0      0      0 --:--:--  0:00:03 --:--:--     0  0     0    0     0    0     0      0      0 --:--:--  0:00:04 --:--:--     0  0     0    0     0    0     0      0      0 --:--:--  0:00:05 --:--:--     0  0     0    0     0    0     0      0      0 --:--:--  0:00:06 --:--:--     0  0     0    0     0    0     0      0      0 --:--:--  0:00:07 --:--:--     0  0     0    0     0    0     0      0      0 --:--:--  0:00:08 --:--:--     0  0     0    0     0    0     0      0      0 --:--:--  0:00:09 --:--:--     0  0     0    0     0    0     0      0      0 --:--:--  0:00:10 --:--:--     0  0     0    0     0    0     0      0      0 --:--:--  0:00:11 --:--:--     0  0     0    0     0    0     0      0      0 --:--:--  0:00:12 --:--:--     0  0     0    0     0    0     0      0      0 --:--:--  0:00:13 --:--:--     0  0     0    0     0    0     0      0      0 --:--:--  0:00:14 --:--:--     0100  8778    0  8523  100   255    551     16  0:00:15  0:00:15 --:--:--  1722100 33537    0 33282  100   255   2101     16  0:00:15  0:00:15 --:--:--  7495
curl --form cd1=104mA --form zcutoff=5.62138772902208 http://ekhidna2.biocenter.helsinki.fi/cgi-bin/sans/FSSP.cgi
  % Total    % Received % Xferd  Average Speed   Time    Time     Time  Current
                                 Dload  Upload   Total   Spent    Left  Speed
  0     0    0     0    0     0      0      0 --:--:-- --:--:-- --:--:--     0  0     0    0     0    0     0      0      0 --:--:-- --:--:-- --:--:--     0  0     0    0     0    0     0      0      0 --:--:--  0:00:01 --:--:--     0  0     0    0     0    0     0      0      0 --:--:--  0:00:02 --:--:--     0  0     0    0     0    0     0      0      0 --:--:--  0:00:03 --:--:--     0  0     0    0     0    0     0      0      0 --:--:--  0:00:04 --:--:--     0  0     0    0     0    0     0      0      0 --:--:--  0:00:05 --:--:--     0  0     0    0     0    0     0      0      0 --:--:--  0:00:06 --:--:--     0  0     0    0     0    0     0      0      0 --:--:--  0:00:07 --:--:--     0  0     0    0     0    0     0      0      0 --:--:--  0:00:08 --:--:--     0  0     0    0     0    0     0      0      0 --:--:--  0:00:09 --:--:--     0  0     0    0     0    0     0      0      0 --:--:--  0:00:10 --:--:--     0  0     0    0     0    0     0      0      0 --:--:--  0:00:11 --:--:--     0  0     0    0     0    0     0      0      0 --:--:--  0:00:12 --:--:--     0  0     0    0     0    0     0      0      0 --:--:--  0:00:13 --:--:--     0  0     0    0     0    0     0      0      0 --:--:--  0:00:14 --:--:--     0100   598    0   343  100   255     22     16  0:00:15  0:00:15 --:--:--   123100   598    0   343  100   255     22     16  0:00:15  0:00:15 --:--:--   155
curl --form cd1=109mA --form zcutoff=5.62138772902208 http://ekhidna2.biocenter.helsinki.fi/cgi-bin/sans/FSSP.cgi
  % Total    % Received % Xferd  Average Speed   Time    Time     Time  Current
                                 Dload  Upload   Total   Spent    Left  Speed
  0     0    0     0    0     0      0      0 --:--:-- --:--:-- --:--:--     0  0     0    0     0    0     0      0      0 --:--:-- --:--:-- --:--:--     0  0     0    0     0    0     0      0      0 --:--:--  0:00:01 --:--:--     0  0     0    0     0    0     0      0      0 --:--:--  0:00:02 --:--:--     0  0     0    0     0    0     0      0      0 --:--:--  0:00:03 --:--:--     0  0     0    0     0    0     0      0      0 --:--:--  0:00:04 --:--:--     0  0     0    0     0    0     0      0      0 --:--:--  0:00:05 --:--:--     0  0     0    0     0    0     0      0      0 --:--:--  0:00:06 --:--:--     0  0     0    0     0    0     0      0      0 --:--:--  0:00:07 --:--:--     0  0     0    0     0    0     0      0      0 --:--:--  0:00:08 --:--:--     0  0     0    0     0    0     0      0      0 --:--:--  0:00:09 --:--:--     0  0     0    0     0    0     0      0      0 --:--:--  0:00:10 --:--:--     0  0     0    0     0    0     0      0      0 --:--:--  0:00:11 --:--:--     0  0     0    0     0    0     0      0      0 --:--:--  0:00:12 --:--:--     0  0     0    0     0    0     0      0      0 --:--:--  0:00:14 --:--:--     0  0     0    0     0    0     0      0      0 --:--:--  0:00:15 --:--:--     0100   598    0   343  100   255     22     16  0:00:15  0:00:15 --:--:--   134
curl --form cd1=1allA --form zcutoff=5.62138772902208 http://ekhidna2.biocenter.helsinki.fi/cgi-bin/sans/FSSP.cgi
  % Total    % Received % Xferd  Average Speed   Time    Time     Time  Current
                                 Dload  Upload   Total   Spent    Left  Speed
  0     0    0     0    0     0      0      0 --:--:-- --:--:-- --:--:--     0  0     0    0     0    0     0      0      0 --:--:-- --:--:-- --:--:--     0  0     0    0     0    0     0      0      0 --:--:--  0:00:01 --:--:--     0  0     0    0     0    0     0      0      0 --:--:--  0:00:02 --:--:--     0  0     0    0     0    0     0      0      0 --:--:--  0:00:03 --:--:--     0  0     0    0     0    0     0      0      0 --:--:--  0:00:04 --:--:--     0  0     0    0     0    0     0      0      0 --:--:--  0:00:05 --:--:--     0  0     0    0     0    0     0      0      0 --:--:--  0:00:06 --:--:--     0  0     0    0     0    0     0      0      0 --:--:--  0:00:07 --:--:--     0  0     0    0     0    0     0      0      0 --:--:--  0:00:08 --:--:--     0  0     0    0     0    0     0      0      0 --:--:--  0:00:09 --:--:--     0  0     0    0     0    0     0      0      0 --:--:--  0:00:10 --:--:--     0  0     0    0     0    0     0      0      0 --:--:--  0:00:11 --:--:--     0  0     0    0     0    0     0      0      0 --:--:--  0:00:12 --:--:--     0  0     0    0     0    0     0      0      0 --:--:--  0:00:13 --:--:--     0  0     0    0     0    0     0      0      0 --:--:--  0:00:14 --:--:--     0100 18914    0 18659  100   255   1193     16  0:00:15  0:00:15 --:--:--  3726100 58389    0 58134  100   255   3677     16  0:00:15  0:00:15 --:--:-- 13722
curl --form cd1=2nrmA --form zcutoff=5.62138772902208 http://ekhidna2.biocenter.helsinki.fi/cgi-bin/sans/FSSP.cgi
  % Total    % Received % Xferd  Average Speed   Time    Time     Time  Current
                                 Dload  Upload   Total   Spent    Left  Speed
  0     0    0     0    0     0      0      0 --:--:-- --:--:-- --:--:--     0  0     0    0     0    0     0      0      0 --:--:-- --:--:-- --:--:--     0  0     0    0     0    0     0      0      0 --:--:--  0:00:01 --:--:--     0  0     0    0     0    0     0      0      0 --:--:--  0:00:02 --:--:--     0  0     0    0     0    0     0      0      0 --:--:--  0:00:03 --:--:--     0  0     0    0     0    0     0      0      0 --:--:--  0:00:04 --:--:--     0  0     0    0     0    0     0      0      0 --:--:--  0:00:05 --:--:--     0  0     0    0     0    0     0      0      0 --:--:--  0:00:06 --:--:--     0  0     0    0     0    0     0      0      0 --:--:--  0:00:07 --:--:--     0  0     0    0     0    0     0      0      0 --:--:--  0:00:08 --:--:--     0  0     0    0     0    0     0      0      0 --:--:--  0:00:09 --:--:--     0  0     0    0     0    0     0      0      0 --:--:--  0:00:10 --:--:--     0  0     0    0     0    0     0      0      0 --:--:--  0:00:11 --:--:--     0  0     0    0     0    0     0      0      0 --:--:--  0:00:12 --:--:--     0  0     0    0     0    0     0      0      0 --:--:--  0:00:13 --:--:--     0  0     0    0     0    0     0      0      0 --:--:--  0:00:14 --:--:--     0100 23258    0 23003  100   255   1469     16  0:00:15  0:00:15 --:--:--  4757100 42071    0 41816  100   255   2639     16  0:00:15  0:00:15 --:--:-- 10321
curl --form cd1=107mA --form zcutoff=5.62138772902208 http://ekhidna2.biocenter.helsinki.fi/cgi-bin/sans/FSSP.cgi
  % Total    % Received % Xferd  Average Speed   Time    Time     Time  Current
                                 Dload  Upload   Total   Spent    Left  Speed
  0     0    0     0    0     0      0      0 --:--:-- --:--:-- --:--:--     0  0     0    0     0    0     0      0      0 --:--:-- --:--:-- --:--:--     0  0     0    0     0    0     0      0      0 --:--:--  0:00:01 --:--:--     0  0     0    0     0    0     0      0      0 --:--:--  0:00:02 --:--:--     0  0     0    0     0    0     0      0      0 --:--:--  0:00:03 --:--:--     0  0     0    0     0    0     0      0      0 --:--:--  0:00:04 --:--:--     0  0     0    0     0    0     0      0      0 --:--:--  0:00:05 --:--:--     0  0     0    0     0    0     0      0      0 --:--:--  0:00:06 --:--:--     0  0     0    0     0    0     0      0      0 --:--:--  0:00:07 --:--:--     0  0     0    0     0    0     0      0      0 --:--:--  0:00:08 --:--:--     0  0     0    0     0    0     0      0      0 --:--:--  0:00:09 --:--:--     0  0     0    0     0    0     0      0      0 --:--:--  0:00:10 --:--:--     0  0     0    0     0    0     0      0      0 --:--:--  0:00:11 --:--:--     0  0     0    0     0    0     0      0      0 --:--:--  0:00:12 --:--:--     0  0     0    0     0    0     0      0      0 --:--:--  0:00:13 --:--:--     0  0     0    0     0    0     0      0      0 --:--:--  0:00:14 --:--:--     0100   597    0   342  100   255     22     16  0:00:15  0:00:15 --:--:--   130
curl --form cd1=103mA --form zcutoff=5.62138772902208 http://ekhidna2.biocenter.helsinki.fi/cgi-bin/sans/FSSP.cgi
  % Total    % Received % Xferd  Average Speed   Time    Time     Time  Current
                                 Dload  Upload   Total   Spent    Left  Speed
  0     0    0     0    0     0      0      0 --:--:-- --:--:-- --:--:--     0  0     0    0     0    0     0      0      0 --:--:-- --:--:-- --:--:--     0  0     0    0     0    0     0      0      0 --:--:--  0:00:01 --:--:--     0  0     0    0     0    0     0      0      0 --:--:--  0:00:02 --:--:--     0  0     0    0     0    0     0      0      0 --:--:--  0:00:03 --:--:--     0  0     0    0     0    0     0      0      0 --:--:--  0:00:04 --:--:--     0  0     0    0     0    0     0      0      0 --:--:--  0:00:05 --:--:--     0  0     0    0     0    0     0      0      0 --:--:--  0:00:06 --:--:--     0  0     0    0     0    0     0      0      0 --:--:--  0:00:07 --:--:--     0  0     0    0     0    0     0      0      0 --:--:--  0:00:08 --:--:--     0  0     0    0     0    0     0      0      0 --:--:--  0:00:09 --:--:--     0  0     0    0     0    0     0      0      0 --:--:--  0:00:10 --:--:--     0  0     0    0     0    0     0      0      0 --:--:--  0:00:11 --:--:--     0  0     0    0     0    0     0      0      0 --:--:--  0:00:12 --:--:--     0  0     0    0     0    0     0      0      0 --:--:--  0:00:13 --:--:--     0  0     0    0     0    0     0      0      0 --:--:--  0:00:14 --:--:--     0100   802    0   547  100   255     35     16  0:00:15  0:00:15 --:--:--   159100   802    0   547  100   255     35     16  0:00:15  0:00:15 --:--:--   198
curl --form cd1=101mA --form zcutoff=5.62138772902208 http://ekhidna2.biocenter.helsinki.fi/cgi-bin/sans/FSSP.cgi
  % Total    % Received % Xferd  Average Speed   Time    Time     Time  Current
                                 Dload  Upload   Total   Spent    Left  Speed
  0     0    0     0    0     0      0      0 --:--:-- --:--:-- --:--:--     0  0     0    0     0    0     0      0      0 --:--:-- --:--:-- --:--:--     0  0     0    0     0    0     0      0      0 --:--:--  0:00:01 --:--:--     0  0     0    0     0    0     0      0      0 --:--:--  0:00:02 --:--:--     0  0     0    0     0    0     0      0      0 --:--:--  0:00:03 --:--:--     0  0     0    0     0    0     0      0      0 --:--:--  0:00:04 --:--:--     0  0     0    0     0    0     0      0      0 --:--:--  0:00:05 --:--:--     0  0     0    0     0    0     0      0      0 --:--:--  0:00:06 --:--:--     0  0     0    0     0    0     0      0      0 --:--:--  0:00:07 --:--:--     0  0     0    0     0    0     0      0      0 --:--:--  0:00:08 --:--:--     0  0     0    0     0    0     0      0      0 --:--:--  0:00:09 --:--:--     0  0     0    0     0    0     0      0      0 --:--:--  0:00:10 --:--:--     0  0     0    0     0    0     0      0      0 --:--:--  0:00:11 --:--:--     0  0     0    0     0    0     0      0      0 --:--:--  0:00:12 --:--:--     0  0     0    0     0    0     0      0      0 --:--:--  0:00:13 --:--:--     0  0     0    0     0    0     0      0      0 --:--:--  0:00:14 --:--:--     0100 15469    0 15214  100   255    975     16  0:00:15  0:00:15 --:--:--  3269
curl --form cd1=5cnbA --form zcutoff=5.62138772902208 http://ekhidna2.biocenter.helsinki.fi/cgi-bin/sans/FSSP.cgi
  % Total    % Received % Xferd  Average Speed   Time    Time     Time  Current
                                 Dload  Upload   Total   Spent    Left  Speed
  0     0    0     0    0     0      0      0 --:--:-- --:--:-- --:--:--     0  0     0    0     0    0     0      0      0 --:--:-- --:--:-- --:--:--     0  0     0    0     0    0     0      0      0 --:--:--  0:00:01 --:--:--     0  0     0    0     0    0     0      0      0 --:--:--  0:00:02 --:--:--     0  0     0    0     0    0     0      0      0 --:--:--  0:00:03 --:--:--     0  0     0    0     0    0     0      0      0 --:--:--  0:00:04 --:--:--     0  0     0    0     0    0     0      0      0 --:--:--  0:00:05 --:--:--     0  0     0    0     0    0     0      0      0 --:--:--  0:00:06 --:--:--     0  0     0    0     0    0     0      0      0 --:--:--  0:00:07 --:--:--     0  0     0    0     0    0     0      0      0 --:--:--  0:00:08 --:--:--     0  0     0    0     0    0     0      0      0 --:--:--  0:00:09 --:--:--     0  0     0    0     0    0     0      0      0 --:--:--  0:00:10 --:--:--     0  0     0    0     0    0     0      0      0 --:--:--  0:00:11 --:--:--     0  0     0    0     0    0     0      0      0 --:--:--  0:00:12 --:--:--     0  0     0    0     0    0     0      0      0 --:--:--  0:00:13 --:--:--     0  0     0    0     0    0     0      0      0 --:--:--  0:00:14 --:--:--     0  0     0    0     0    0     0      0      0 --:--:--  0:00:15 --:--:--     0100  2097    0  1842  100   255    119     16  0:00:15  0:00:15 --:--:--   488
curl --form cd1=108mA --form zcutoff=5.62138772902208 http://ekhidna2.biocenter.helsinki.fi/cgi-bin/sans/FSSP.cgi
  % Total    % Received % Xferd  Average Speed   Time    Time     Time  Current
                                 Dload  Upload   Total   Spent    Left  Speed
  0     0    0     0    0     0      0      0 --:--:-- --:--:-- --:--:--     0  0     0    0     0    0     0      0      0 --:--:-- --:--:-- --:--:--     0  0     0    0     0    0     0      0      0 --:--:--  0:00:01 --:--:--     0  0     0    0     0    0     0      0      0 --:--:--  0:00:02 --:--:--     0  0     0    0     0    0     0      0      0 --:--:--  0:00:03 --:--:--     0  0     0    0     0    0     0      0      0 --:--:--  0:00:04 --:--:--     0  0     0    0     0    0     0      0      0 --:--:--  0:00:05 --:--:--     0  0     0    0     0    0     0      0      0 --:--:--  0:00:06 --:--:--     0  0     0    0     0    0     0      0      0 --:--:--  0:00:07 --:--:--     0  0     0    0     0    0     0      0      0 --:--:--  0:00:08 --:--:--     0  0     0    0     0    0     0      0      0 --:--:--  0:00:09 --:--:--     0  0     0    0     0    0     0      0      0 --:--:--  0:00:10 --:--:--     0  0     0    0     0    0     0      0      0 --:--:--  0:00:11 --:--:--     0  0     0    0     0    0     0      0      0 --:--:--  0:00:12 --:--:--     0  0     0    0     0    0     0      0      0 --:--:--  0:00:13 --:--:--     0  0     0    0     0    0     0      0      0 --:--:--  0:00:14 --:--:--     0100   597    0   342  100   255     22     16  0:00:15  0:00:15 --:--:--   126
# calling cd1=5cnbA zcutoff=5.62138772902208 run_dalicon with list: 1emyA 1aziA 2jhoA 2mya 2myc 5mbn 2mb5 4mbn 2myb 2myd 2mye 5ilmA 2ekuA 5ileA 2mgm 2mgk 1abs 1tes 1j52A 111m 2mgl 112m 2mbw 2mgh 2oh9A 107m 103m 1mlj 2mgi 1mll 1mob 1mod 2mga 102m 108m 2mgb 1mlk 1mlq 2mgj 1mls 106m 1mlr 1moc 1mym 101m 1mtj 1mti 1mtk 1mnjA 5cndA 3qmaA 3rj6B 3wfuA 1mz0A 1mlnA 2o5oX 5cngA 4nxaA 3a2gA 2zsqA 3ed9A 4pqbA 2v1gA 3eczA 3henA 1pmbB 2g0rA 4qauA 1mlkA 1mlqA 3edbA 5cn4A 5cn9A 4h0bA 2g0sA 5cn5A 2zsnA 2w6wA 4lpiA 4pnjA 3qm7A 2zt1A 1mboA 4it8A 2w6xA 2o5lX 1mlsA 3rj6A 2w6yA 3e5iA 1u7rA 4ns2A 2zszA 2in4A 1mcyA 1mlrA 1mlmA 2zt3A 1cq2A 3aseA 4dc8A
# This is run_dalicon cd1=5cnbA zcutoff=5.62138772902208
# sub dalicon(tmp.dalicon,T,/home/sness/DaliLite.v5/bin/serialcompare,../DAT/,../DAT/,0)
# /home/sness/DaliLite.v5/bin/serialcompare ../DAT/ ../DAT/ DALICON T < tmp.dalicon > /dev/null
# cat fort.1[0-9][0-9] > dp_input ; rm fort.* ; /home/sness/DaliLite.v5/bin/serialcompare ../DAT/ ../DAT/ DP < dp_input > /dev/null
cat: 'fort.1[0-9][0-9]': No such file or directory
rm: cannot remove 'fort.*': No such file or directory
# 13 PDB25 hits above zcutoff=5.62138772902208
# iteration 1: 14 hits returned
# calling cd1=5cnbA zcutoff=5.62138772902208 run_dalicon with list: 4h07A 3vauA 3m3aA 3lr7A 1mlgA 4dc7A 3e5oA 2zsyA 2zsxA 2zt4A 3v2vA 3edaA 4of9A 2zt2A 4oodA 3h58A 3v2zA 2o5sX 3qm9A 5c6yA 3qm5A 1mllA 5cneA 1gjnA 2zsoA 2zt0A 2zspA 3hc9A 5azrA 3hepA 2vm0A 3heoA 3e55A 1mnhA 5cnfA 3obdA 3rjnB 5cncA 3eclA 3qm8A 3qm6A 2v1fA 3nmlA 3ecxA 3o89A 1mytA 1mloA 1mlfA 5cmvA 3e4nA 1pmbA 4nxcA 2zsrA 5cn8A 3h57A 2zstA 1mlhA 3ockA 3u3eA 2nrlA 4pq6A 2zssA 2nx0A 1u7sA 1mnkA 2o5mX 3wftA 2v1eA 1mljA 2vlyA 2mm1 2vlxA 2o5tX 1mnkB 2o5qX 2ektA 4pqcA 2vlzA 1mnjB 3lr9A 2o58X 5azqA 3ogbA 2o5bX 4fwxA 3rgkA 4mxkA 1lhs 3wi8A 1lhsA 3m39A 4fwzA 5havA 1lht 3m38A 4fwyA 1lhtA 4tyxA 3k9zA 3mn0A 4mxlA
# This is run_dalicon cd1=5cnbA zcutoff=5.62138772902208
# sub dalicon(tmp.dalicon,T,/home/sness/DaliLite.v5/bin/serialcompare,../DAT/,../DAT/,0)
# /home/sness/DaliLite.v5/bin/serialcompare ../DAT/ ../DAT/ DALICON T < tmp.dalicon > /dev/null
# cat fort.1[0-9][0-9] > dp_input ; rm fort.* ; /home/sness/DaliLite.v5/bin/serialcompare ../DAT/ ../DAT/ DP < dp_input > /dev/null
cat: 'fort.1[0-9][0-9]': No such file or directory
rm: cannot remove 'fort.*': No such file or directory
# 13 PDB25 hits above zcutoff=5.62138772902208
# iteration 2: 14 hits returned
# calling cd1=5cnbA zcutoff=5.62138772902208 run_dalicon with list: 3m3bA 3sdnA 2blhA 5jnzA 2dc3A 1o1pA 1x3kA 1mbsA 2yrsK 2yrsD 2yrsB 2yrsO 4b4yA 2yrsC 2yrsM 2yrsI 2yrsA 3s1iA 1dxdA 1gcwC 1g08A 1binB 3qqqB 2wy4A 1jf3A 1fslA 3qqrA 1myhA 1ch4A 3zhwA 1a4fB 1i3eA 1ch5A 1hdaA 1g0bB 2lh7 1bz6A 2pghD 2gdmA 1d8uA 1duoA 2mhbB 1gdiA 1hbrD 1gcwA 4hhbA 1nz3A 3qqqA 1fhjB 1emy 2lh3 3qqrB 1fslB 1jebA 3zhwB 1a4fA 1gvhA 1t1nB 1dtiA 12e8P 1babA 2lh6 1dxcA 1oj6B 1jw8A 1gcvA 1v75A 1tu9A 1qpwA 1cg8B 1wmuB 1abwA 1gdjA 1cg5A 1c7dA 1mwcA 1bz1A 1hbrA 2gdm 2lh5 1c40A 1gcvC 1cg8A 1ch1A 1wmuA 2lh2 1nz4A 1i3dA 1jebD 1hbrB 2pghA 2pghB 1ouuA 1g09D 1a9wE 1la6A 1thbA 1spgA 1hbhD 1umoA 1spgB
# This is run_dalicon cd1=5cnbA zcutoff=5.62138772902208
# sub dalicon(tmp.dalicon,T,/home/sness/DaliLite.v5/bin/serialcompare,../DAT/,../DAT/,0)
# /home/sness/DaliLite.v5/bin/serialcompare ../DAT/ ../DAT/ DALICON T < tmp.dalicon > /dev/null
# cat fort.1[0-9][0-9] > dp_input ; rm fort.* ; /home/sness/DaliLite.v5/bin/serialcompare ../DAT/ ../DAT/ DP < dp_input > /dev/null
cat: 'fort.1[0-9][0-9]': No such file or directory
rm: cannot remove 'fort.*': No such file or directory
# 13 PDB25 hits above zcutoff=5.62138772902208
# iteration 3: 14 hits returned
# calling cd1=5cnbA zcutoff=5.62138772902208 run_dalicon with list: 1ouuD 1sctH 1v4wA 1s5xA 1g0aB 1dxtD 2vhbA 1v4xA 4vhbA 1cg5B 1dxtB 1outA 5oheB 5ohfB 5oheC 1sctA 2fal 5ohfE 5oheG 1hdsA 5oheE 5ohfA 5ohfD 1mbs 5ohfF 1gcvB 1vrfA 1dm1A 5oheA 5oheD 5ohfH 5oheH 5oheF 1flp 1jzlA 5ohfG 5ohfC 1nwnA 1it3A 1it2A 3sdhA 1jzmA 1ash 1hdsD 1ithA 4aveA 2xkhA 2xkiA 4avdA 4f69A 4f68A 2vyyA 2xkgA 3zjhB 1eca 1or4A 1ewaA 4fh6A 1ew6A 1kr7A 2bnlC 1idrA 1dlyA 1b33A 3vm9B 1mwbA 3vm9A 3wyoD 3wyoC 3wyoA 3wyoB 1b8dA 1allB 4nk2A 1ux8A 1phnB 1cpcA 3wfxA 1qgwD 1cpcB 5o1lA 3wfwA 1b8dL 5o1mB 1qgwC 1o20A 1phnA 2vmlC 2uunF 3jbbI 2vmlG 1hdsB 2vmlB 2uumE 1b33H 2vmlJ 2vjhD 1gh0X 1ns9B 1v07A 4xxiA
# This is run_dalicon cd1=5cnbA zcutoff=5.62138772902208
# sub dalicon(tmp.dalicon,T,/home/sness/DaliLite.v5/bin/serialcompare,../DAT/,../DAT/,0)
# /home/sness/DaliLite.v5/bin/serialcompare ../DAT/ ../DAT/ DALICON T < tmp.dalicon > /dev/null
# cat fort.1[0-9][0-9] > dp_input ; rm fort.* ; /home/sness/DaliLite.v5/bin/serialcompare ../DAT/ ../DAT/ DP < dp_input > /dev/null
# 14 PDB25 hits above zcutoff=5.62138772902208
# iteration 4: 14 hits returned
curl --form cd1=5oheA --form zcutoff=5.62138772902208 http://ekhidna2.biocenter.helsinki.fi/cgi-bin/sans/FSSP.cgi
  % Total    % Received % Xferd  Average Speed   Time    Time     Time  Current
                                 Dload  Upload   Total   Spent    Left  Speed
  0     0    0     0    0     0      0      0 --:--:-- --:--:-- --:--:--     0  0     0    0     0    0     0      0      0 --:--:-- --:--:-- --:--:--     0  0     0    0     0    0     0      0      0 --:--:--  0:00:01 --:--:--     0  0     0    0     0    0     0      0      0 --:--:--  0:00:02 --:--:--     0  0     0    0     0    0     0      0      0 --:--:--  0:00:03 --:--:--     0  0     0    0     0    0     0      0      0 --:--:--  0:00:04 --:--:--     0  0     0    0     0    0     0      0      0 --:--:--  0:00:05 --:--:--     0  0     0    0     0    0     0      0      0 --:--:--  0:00:06 --:--:--     0  0     0    0     0    0     0      0      0 --:--:--  0:00:07 --:--:--     0  0     0    0     0    0     0      0      0 --:--:--  0:00:08 --:--:--     0  0     0    0     0    0     0      0      0 --:--:--  0:00:09 --:--:--     0  0     0    0     0    0     0      0      0 --:--:--  0:00:10 --:--:--     0  0     0    0     0    0     0      0      0 --:--:--  0:00:11 --:--:--     0  0     0    0     0    0     0      0      0 --:--:--  0:00:12 --:--:--     0  0     0    0     0    0     0      0      0 --:--:--  0:00:13 --:--:--     0  0     0    0     0    0     0      0      0 --:--:--  0:00:14 --:--:--     0100  4720    0  4465  100   255    289     16  0:00:15  0:00:15 --:--:--  1010
# calling cd1=5cnbA zcutoff=5.62138772902208 run_dalicon with list: 1or4A 5lfgA 5ksiB 1abwA 4uiqA 4hrrA 1yhuU 5lfgB 2zfoD 1hlbA 2uulA 1gh0F 4f0uA 1gcvD 1eyxA 1xq5A 3fewX 1b8dB 2vj4A 2mhbA 3jbbG 1gh0N 1eyxL 1ktpA 4po5C 4xxkA 2v8aA 2uumD 1a87A 1b33F 3f2eA 3jbbC 2vmlI 2uulB 1ouuB 1eyxB 2c0kA 2uunD 1gh0E 1ngkB 4f0uC 1ha7A 2uulC 1b33E 1lh7 4xxkB 3jbbA 3lhbA 1ktpB 1kn1A 1ux9A 3qzzA 4po5A 1a9wF 4xxiB 1ns9A 1mniA 2vmlL 2vixB 4rmpA 1cpcL 1gh0D 2uunE 2d2mD 1hdaB 2vmlA 1b33M 2w31A 1outB 2uumA 1f99L 2vjtA 3ztaA 1liaL 1rtxA 2vmlF 2uulD 2vjrA 3zjrA 2uunC 1i7yB 2uunB 1a87 1xq5D 1liaA 1f99A 1uvyA 1gh0B 1h97A 1hdaD 1on7B 1b33J 2vmlH 4f0uE 2uulE 1gh0C 2vjhA 1b33C 4c0eA 4xdiA 1xkpA
# This is run_dalicon cd1=5cnbA zcutoff=5.62138772902208
# sub dalicon(tmp.dalicon,T,/home/sness/DaliLite.v5/bin/serialcompare,../DAT/,../DAT/,0)
# /home/sness/DaliLite.v5/bin/serialcompare ../DAT/ ../DAT/ DALICON T < tmp.dalicon > /dev/null
# cat fort.1[0-9][0-9] > dp_input ; rm fort.* ; /home/sness/DaliLite.v5/bin/serialcompare ../DAT/ ../DAT/ DP < dp_input > /dev/null
# 14 PDB25 hits above zcutoff=5.62138772902208
# iteration 5: 15 hits returned
# calling cd1=5cnbA zcutoff=5.62138772902208 run_dalicon with list: 2vjhB 2vywA 4bjaA 4po5E 3jbbE 2vjhC 4c0eB 1on7A 1hbhA 1qpwB 1gh0A 1gh0T 2vmlD 1cqxA 1b33L 7hbiA 3qzxA 2vmlK 1x9fA 1uc3A 2vjrB 1yhuN 1f99B 4zvbA 1i7yA 2uunA 2qrwA 1liaB 2vmlE 2dhbA 3fblA 1iwhB 3jbbK 1kfrA 3mvcA 2uumC 2vjtB
# This is run_dalicon cd1=5cnbA zcutoff=5.62138772902208
# sub dalicon(tmp.dalicon,T,/home/sness/DaliLite.v5/bin/serialcompare,../DAT/,../DAT/,0)
# /home/sness/DaliLite.v5/bin/serialcompare ../DAT/ ../DAT/ DALICON T < tmp.dalicon > /dev/null
# cat fort.1[0-9][0-9] > dp_input ; rm fort.* ; /home/sness/DaliLite.v5/bin/serialcompare ../DAT/ ../DAT/ DP < dp_input > /dev/null
cat: 'fort.1[0-9][0-9]': No such file or directory
rm: cannot remove 'fort.*': No such file or directory
# 14 PDB25 hits above zcutoff=5.62138772902208
# iteration 6: 16 hits returned
# 14 PDB25 hits above zcutoff=5.62138772902208
sh: 1: blastp: not found
# got 0 / 0 hits from pdb-BLAST
# sub wolf(WOLF,/home/sness/DaliLite.v5/bin/serialcompare,../DAT/,../DAT/,0)
wolf: /home/sness/DaliLite.v5/bin/serialcompare ../DAT/ ../DAT/ WOLF > /dev/null ; cat fort.1[0-9][0-9] > wolf_output ; rm fort.1[0-9][0-9] ; /home/sness/DaliLite.v5/bin/serialcompare ../DAT/ ../DAT/ DP < wolf_output > /dev/null ; cat fort.1[0-9][0-9] | perl /home/sness/DaliLite.v5/bin/dccp2dalicon.pl > dalicon_input ; rm -f fort.1[0-9][0-9] 
cat: 'fort.1[0-9][0-9]': No such file or directory
rm: cannot remove 'fort.1[0-9][0-9]': No such file or directory
cat: 'fort.1[0-9][0-9]': No such file or directory
# sub dalicon(dalicon_input,T,/home/sness/DaliLite.v5/bin/serialcompare,../DAT/,../DAT/,0)
# /home/sness/DaliLite.v5/bin/serialcompare ../DAT/ ../DAT/ DALICON T < dalicon_input > /dev/null
# cat fort.1[0-9][0-9] > dp_input ; rm fort.* ; /home/sness/DaliLite.v5/bin/serialcompare ../DAT/ ../DAT/ DP < dp_input > /dev/null
cat: 'fort.1[0-9][0-9]': No such file or directory
rm: cannot remove 'fort.*': No such file or directory
rm -f fort.* ; /home/sness/DaliLite.v5/bin/serialcompare ../DAT/ ../DAT/ PARSI > /dev/null
cat fort.1[0-9][0-9] > filter_input ; rm -f fort.*; /home/sness/DaliLite.v5/bin/serialcompare ../DAT/ ../DAT/ FILTER95 < filter_input 
cat: 'fort.1[0-9][0-9]': No such file or directory
sort -nr fort.1[0-9][0-9] | uniq | perl /home/sness/DaliLite.v5/bin/pipe96-free.pl 1.0 2 > dalicon_input ; rm -f fort.* 
sort: cannot read: 'fort.1[0-9][0-9]': No such file or directory
# sub dalicon(dalicon_input,T,/home/sness/DaliLite.v5/bin/serialcompare,../DAT/,../DAT/,0)
# /home/sness/DaliLite.v5/bin/serialcompare ../DAT/ ../DAT/ DALICON T < dalicon_input > /dev/null
# cat fort.1[0-9][0-9] > dp_input ; rm fort.* ; /home/sness/DaliLite.v5/bin/serialcompare ../DAT/ ../DAT/ DP < dp_input > /dev/null
cat: 'fort.1[0-9][0-9]': No such file or directory
rm: cannot remove 'fort.*': No such file or directory
# sub wolf(WOLF,/home/sness/DaliLite.v5/bin/serialcompare,../DAT/,../DAT/,2)
wolf: /home/sness/DaliLite.v5/bin/serialcompare ../DAT/ ../DAT/ WOLF > /dev/null ; cat fort.1[0-9][0-9] > wolf_output ; rm fort.1[0-9][0-9] ; /home/sness/DaliLite.v5/bin/serialcompare ../DAT/ ../DAT/ DP < wolf_output > /dev/null ; cat fort.1[0-9][0-9] | perl /home/sness/DaliLite.v5/bin/dccp2dalicon.pl > dalicon_input ; rm -f fort.1[0-9][0-9] 
cat: 'fort.1[0-9][0-9]': No such file or directory
rm: cannot remove 'fort.1[0-9][0-9]': No such file or directory
cat: 'fort.1[0-9][0-9]': No such file or directory
# sub dalicon(dalicon_input,T,/home/sness/DaliLite.v5/bin/serialcompare,../DAT/,../DAT/,2)
# /home/sness/DaliLite.v5/bin/serialcompare ../DAT/ ../DAT/ DALICON T < dalicon_input > /dev/null
# cat fort.1[0-9][0-9] > dp_input ; rm fort.* ; /home/sness/DaliLite.v5/bin/serialcompare ../DAT/ ../DAT/ DP < dp_input > /dev/null
cat: 'fort.1[0-9][0-9]': No such file or directory
rm: cannot remove 'fort.*': No such file or directory
rm -f fort.* ; /home/sness/DaliLite.v5/bin/serialcompare ../DAT/ ../DAT/ PARSI > /dev/null
cat fort.1[0-9][0-9] > filter_input ; rm -f fort.*; /home/sness/DaliLite.v5/bin/serialcompare ../DAT/ ../DAT/ FILTER95 < filter_input 
cat: 'fort.1[0-9][0-9]': No such file or directory
sort -nr fort.1[0-9][0-9] | uniq | perl /home/sness/DaliLite.v5/bin/pipe96-free.pl 1.0 2 > dalicon_input ; rm -f fort.* 
sort: cannot read: 'fort.1[0-9][0-9]': No such file or directory
# sub dalicon(dalicon_input,T,/home/sness/DaliLite.v5/bin/serialcompare,../DAT/,../DAT/,2)
# /home/sness/DaliLite.v5/bin/serialcompare ../DAT/ ../DAT/ DALICON T < dalicon_input > /dev/null
# cat fort.1[0-9][0-9] > dp_input ; rm fort.* ; /home/sness/DaliLite.v5/bin/serialcompare ../DAT/ ../DAT/ DP < dp_input > /dev/null
cat: 'fort.1[0-9][0-9]': No such file or directory
rm: cannot remove 'fort.*': No such file or directory
Final 5cnbA zcutoff is 5.62138772902208
# 5cnbA generate_FSSP
perl /home/sness/DaliLite.v5/bin/sortdccp.pl < 5cnbA.dccp | perl /home/sness/DaliLite.v5/bin/fsspfilter.pl 5cnbA 2 1 1 | /home/sness/DaliLite.v5/bin/fssp 5cnbA 1 ../DAT/ ../DAT/ | perl /home/sness/DaliLite.v5/bin/fsspselect.pl pdb.list 2 1 | perl /home/sness/DaliLite.v5/bin/htmljs.pl ../DAT/ ../DAT/ test "walk" "summary"  > 5cnbA.html 2> 5cnbA.txt
